// Jest Snapshot v1, https://goo.gl/fbAQLP

exports[`app render without crashing 1`] = `
<main>
  <section
    className="auth_section"
  >
    <nav>
      <ul
        className="auth_nav"
      >
        <li
          className="auth_item active"
          onClick={[Function]}
        >
          Login
        </li>
        <li
          className="auth_item "
          onClick={[Function]}
        >
          Register
        </li>
      </ul>
    </nav>
    <section
      className="register_form"
    >
      <legend>
        Register
      </legend>
      <span
        className="errors"
      >
        
      </span>
      <span
        className="messages"
      >
        
      </span>
      <label>
        Username
      </label>
      <input
        className="input"
        name="username"
        onChange={[Function]}
        placeholder="username"
        type="text"
        value=""
      />
      <label>
        Email
      </label>
      <input
        className="input"
        name="email"
        onChange={[Function]}
        placeholder="email"
        type="email"
        value=""
      />
      <label>
        Password
      </label>
      <input
        className="input"
        name="passowrd"
        onChange={[Function]}
        placeholder="password"
        type="password"
        value=""
      />
      <button
        onClick={[Function]}
      >
        register
      </button>
    </section>
  </section>
</main>
`;
